###############################################################################
#
# IAR ELF Linker V8.42.1.233/W32 for ARM                  06/Feb/2020  09:13:57
# Copyright 2007-2019 IAR Systems AB.
#
#    Output file  =  D:\ARM\TEMINAL\Assignment3_PIT\project\Debug\Exe\PIT.out
#    Map file     =  D:\ARM\TEMINAL\Assignment3_PIT\project\Debug\List\PIT.map
#    Command line =
#        -f C:\Users\DELL\AppData\Local\Temp\EWF836.tmp
#        (D:\ARM\TEMINAL\Assignment3_PIT\project\Debug\Obj\maiin.o
#        D:\ARM\TEMINAL\Assignment3_PIT\project\Debug\Obj\startup_MKL46Z4.o
#        D:\ARM\TEMINAL\Assignment3_PIT\project\Debug\Obj\system_MKL46Z4.o
#        --no_out_extension -o
#        D:\ARM\TEMINAL\Assignment3_PIT\project\Debug\Exe\PIT.out --map
#        D:\ARM\TEMINAL\Assignment3_PIT\project\Debug\List\PIT.map --config
#        "C:\Program Files (x86)\IAR Systems\Embedded Workbench
#        8.4\arm\config\linker\NXP\MKL46Z256xxx4.icf" --semihosting --entry
#        __iar_program_start --vfe --text_out locale)
#
###############################################################################

*******************************************************************************
*** RUNTIME MODEL ATTRIBUTES
***

CppFlavor       = *
__SystemLibrary = DLib
__dlib_version  = 6


*******************************************************************************
*** HEAP SELECTION
***

The basic heap was selected because some modules are built with
size limitations (and not runtime checking), and --advanced_heap
was not specified.


*******************************************************************************
*** PLACEMENT SUMMARY
***

"A0":  place at address 0x0 { ro section .intvec };
"P1":  place in [from 0x0 to 0x3ff] |
                [from 0x410 to 0x3'ffff] { ro };
define block CSTACK with size = 2K, alignment = 8 { };
define block HEAP with size = 4K, alignment = 8 { };
"P3":  place in [from 0x1fff'e000 to 0x1fff'ffff] |
                [from 0x2000'0000 to 0x2000'5fff] {
          rw, block CSTACK, block HEAP };
"P5":  place in [from 0x400 to 0x40f] { section FlashConfig };
initialize by copy { rw };

No sections matched the following patterns:

  ro section application_specific_ro  in "P2|P4"
  rw section application_specific_rw  in "P2|P4"


  Section            Kind         Address   Size  Object
  -------            ----         -------   ----  ------
"A0":                                       0xc0
  .intvec            ro code          0x0   0xc0  startup_MKL46Z4.o [1]
                                   - 0xc0   0xc0

"P1", part 1 of 2:                         0x118
  .text              ro code         0xc0   0xe0  I32DivModFast.o [3]
  .text              ro code        0x1a0    0x2  IntDivZer.o [3]
  .text              ro code        0x1a2   0x30  copy_init3.o [3]
  Initializer bytes  const          0x1d4    0x4  <for P3 s0>
                                  - 0x1d8  0x118

"P5":                                       0x10
  FlashConfig        ro code        0x400   0x10  startup_MKL46Z4.o [1]
                                  - 0x410   0x10

"P1", part 2 of 2:                         0x28c
  .text              ro code        0x410  0x158  maiin.o [1]
  .text              ro code        0x568    0x2  startup_MKL46Z4.o [1]
  .text              ro code        0x56c   0x28  data_init.o [3]
  .text              ro code        0x594   0x24  startup_MKL46Z4.o [1]
  .iar.init_table    const          0x5b8   0x14  - Linker created -
  .text              ro code        0x5cc   0x1e  cmain.o [3]
  .text              ro code        0x5ea    0x4  low_level_init.o [2]
  .text              ro code        0x5ee    0x8  exit.o [2]
  .text              ro code        0x5f6    0x2  startup_MKL46Z4.o [1]
  .text              ro code        0x5f8    0xa  cexit.o [3]
  .text              ro code        0x602    0x2  startup_MKL46Z4.o [1]
  .text              ro code        0x604   0x14  exit.o [4]
  .text              ro code        0x618    0xc  system_MKL46Z4.o [1]
  .text              ro code        0x624    0xc  cstartup_M.o [3]
  .text              ro code        0x630    0x8  startup_MKL46Z4.o [1]
  .text              ro code        0x638    0x8  startup_MKL46Z4.o [1]
  .text              ro code        0x640    0x8  startup_MKL46Z4.o [1]
  .text              ro code        0x648    0x8  startup_MKL46Z4.o [1]
  .text              ro code        0x650    0x8  startup_MKL46Z4.o [1]
  .text              ro code        0x658    0x8  startup_MKL46Z4.o [1]
  .text              ro code        0x660    0x8  startup_MKL46Z4.o [1]
  .text              ro code        0x668    0x8  startup_MKL46Z4.o [1]
  .text              ro code        0x670    0x8  startup_MKL46Z4.o [1]
  .text              ro code        0x678    0x8  startup_MKL46Z4.o [1]
  .text              ro code        0x680    0x8  startup_MKL46Z4.o [1]
  .text              ro code        0x688    0x8  startup_MKL46Z4.o [1]
  .text              ro code        0x690    0x8  startup_MKL46Z4.o [1]
  .text              ro code        0x698    0x2  startup_MKL46Z4.o [1]
  .text              ro code        0x69a    0x2  startup_MKL46Z4.o [1]
  .rodata            const          0x69c    0x0  copy_init3.o [3]
                                  - 0x69c  0x28c

"P3", part 1 of 2:                           0x4
  P3 s0                       0x1fff'e000    0x4  <Init block>
    .data            inited   0x1fff'e000    0x1  maiin.o [1]
    .data            inited   0x1fff'e001    0x1  maiin.o [1]
    .bss             inited   0x1fff'e002    0x1  maiin.o [1]
    .bss             inited   0x1fff'e003    0x1  maiin.o [1]
                            - 0x1fff'e004    0x4

"P3", part 2 of 2:                         0x800
  CSTACK                      0x1fff'e008  0x800  <Block>
    CSTACK           uninit   0x1fff'e008  0x800  <Block tail>
                            - 0x1fff'e808  0x800

Unused ranges:

         From           To      Size
         ----           --      ----
        0x1d8        0x3ff     0x228
        0x69c     0x3'ffff  0x3'f964
  0x1fff'e004  0x1fff'e007       0x4
  0x1fff'e808  0x1fff'ffff    0x17f8
  0x2000'0000  0x2000'5fff    0x6000


*******************************************************************************
*** INIT TABLE
***

          Address      Size
          -------      ----
Copy (__iar_copy_init3)
    1 source range, total size 0x4:
                0x1d4   0x4
    1 destination range, total size 0x4:
          0x1fff'e000   0x4



*******************************************************************************
*** MODULE SUMMARY
***

    Module             ro code  ro data  rw data
    ------             -------  -------  -------
command line/config:
    --------------------------------------------
    Total:

D:\ARM\TEMINAL\Assignment3_PIT\project\Debug\Obj: [1]
    maiin.o                344        4        4
    startup_MKL46Z4.o      358
    system_MKL46Z4.o        12
    --------------------------------------------
    Total:                 714        4        4

dl6M_tln.a: [2]
    exit.o                   8
    low_level_init.o         4
    --------------------------------------------
    Total:                  12

rt6M_tl.a: [3]
    I32DivModFast.o        224
    IntDivZer.o              2
    cexit.o                 10
    cmain.o                 30
    copy_init3.o            48
    cstartup_M.o            12
    data_init.o             40
    --------------------------------------------
    Total:                 366

shb_l.a: [4]
    exit.o                  20
    --------------------------------------------
    Total:                  20

    Gaps                     2
    Linker created                   22    2'048
------------------------------------------------
    Grand Total:         1'114       26    2'052


*******************************************************************************
*** ENTRY LIST
***

Entry                       Address  Size  Type      Object
-----                       -------  ----  ----      ------
.iar.init_table$$Base         0x5b8         --   Gb  - Linker created -
.iar.init_table$$Limit        0x5cc         --   Gb  - Linker created -
?main                         0x5cd        Code  Gb  cmain.o [3]
CSTACK$$Base            0x1fff'e008         --   Gb  - Linker created -
CSTACK$$Limit           0x1fff'e808         --   Gb  - Linker created -
NVIC_EnableIRQ                0x411   0xe  Code  Lc  maiin.o [1]
PIT_IRQHandler                0x4b3  0x26  Code  Gb  maiin.o [1]
PIT_Init                      0x427  0x8c  Code  Gb  maiin.o [1]
Region$$Table$$Base           0x5b8         --   Gb  - Linker created -
Region$$Table$$Limit          0x5cc         --   Gb  - Linker created -
Set_GreenLed                  0x4d9  0x1e  Code  Lc  maiin.o [1]
Set_RedLed                    0x4f7  0x20  Code  Lc  maiin.o [1]
SystemInit                    0x619   0x8  Code  Gb  system_MKL46Z4.o [1]
__Vectors                       0x0         --   Gb  startup_MKL46Z4.o [1]
__Vectors_End                  0xc0        Data  Gb  startup_MKL46Z4.o [1]
__Vectors_Size {Abs}           0xc0         --   Gb  startup_MKL46Z4.o [1]
__aeabi_idiv                   0xed        Code  Gb  I32DivModFast.o [3]
__aeabi_idiv0                 0x1a1        Code  Gb  IntDivZer.o [3]
__aeabi_idivmod                0xed        Code  Gb  I32DivModFast.o [3]
__aeabi_uidiv                  0xf3        Code  Gb  I32DivModFast.o [3]
__aeabi_uidivmod               0xf3        Code  Gb  I32DivModFast.o [3]
__cmain                       0x5cd        Code  Gb  cmain.o [3]
__exit                        0x605  0x14  Code  Gb  exit.o [4]
__iar_copy_init3              0x1a3  0x30  Code  Gb  copy_init3.o [3]
__iar_data_init3              0x56d  0x28  Code  Gb  data_init.o [3]
__iar_program_start           0x625        Code  Gb  cstartup_M.o [3]
__low_level_init              0x5eb   0x4  Code  Gb  low_level_init.o [2]
__vector_table                  0x0        Data  Gb  startup_MKL46Z4.o [1]
__vector_table_0x1c            0x1c        Data  Gb  startup_MKL46Z4.o [1]
_call_main                    0x5d9        Code  Gb  cmain.o [3]
_exit                         0x5f9        Code  Gb  cexit.o [3]
_main                         0x5e7        Code  Gb  cmain.o [3]
exit                          0x5ef   0x8  Code  Gb  exit.o [2]
led1_off                0x1fff'e000   0x1  Data  Gb  maiin.o [1]
led2_off                0x1fff'e001   0x1  Data  Gb  maiin.o [1]
main                          0x41f   0x8  Code  Gb  maiin.o [1]
time_greenLed           0x1fff'e003   0x1  Data  Gb  maiin.o [1]
time_redLed             0x1fff'e002   0x1  Data  Gb  maiin.o [1]


[1] = D:\ARM\TEMINAL\Assignment3_PIT\project\Debug\Obj
[2] = dl6M_tln.a
[3] = rt6M_tl.a
[4] = shb_l.a

  1'114 bytes of readonly  code memory
     26 bytes of readonly  data memory
  2'052 bytes of readwrite data memory

Errors: none
Warnings: none
