###############################################################################
#
# IAR ELF Linker V8.42.1.233/W32 for ARM                  05/Feb/2020  17:13:21
# Copyright 2007-2019 IAR Systems AB.
#
#    Output file  =  D:\ARM\Assignment3_RTC\project\Debug\Exe\PIT.out
#    Map file     =  D:\ARM\Assignment3_RTC\project\Debug\List\PIT.map
#    Command line =
#        -f C:\Users\DELL\AppData\Local\Temp\EW7C77.tmp
#        (D:\ARM\Assignment3_RTC\project\Debug\Obj\maiin.o
#        D:\ARM\Assignment3_RTC\project\Debug\Obj\startup_MKL46Z4.o
#        D:\ARM\Assignment3_RTC\project\Debug\Obj\system_MKL46Z4.o
#        --no_out_extension -o D:\ARM\Assignment3_RTC\project\Debug\Exe\PIT.out
#        --map D:\ARM\Assignment3_RTC\project\Debug\List\PIT.map --config
#        "C:\Program Files (x86)\IAR Systems\Embedded Workbench
#        8.4\arm\config\linker\NXP\MKL46Z256xxx4.icf" --semihosting --entry
#        __iar_program_start --vfe --text_out locale)
#
###############################################################################

*******************************************************************************
*** RUNTIME MODEL ATTRIBUTES
***

CppFlavor       = *
__SystemLibrary = DLib
__dlib_version  = 6


*******************************************************************************
*** HEAP SELECTION
***

The basic heap was selected because some modules are built with
size limitations (and not runtime checking), and --advanced_heap
was not specified.


*******************************************************************************
*** PLACEMENT SUMMARY
***

"A0":  place at address 0x0 { ro section .intvec };
"P1":  place in [from 0x0 to 0x3ff] |
                [from 0x410 to 0x3'ffff] { ro };
define block CSTACK with size = 2K, alignment = 8 { };
define block HEAP with size = 4K, alignment = 8 { };
"P3":  place in [from 0x1fff'e000 to 0x1fff'ffff] |
                [from 0x2000'0000 to 0x2000'5fff] {
          rw, block CSTACK, block HEAP };
"P5":  place in [from 0x400 to 0x40f] { section FlashConfig };
initialize by copy { rw };

No sections matched the following patterns:

  ro section application_specific_ro  in "P2|P4"
  rw section application_specific_rw  in "P2|P4"


  Section            Kind         Address   Size  Object
  -------            ----         -------   ----  ------
"A0":                                       0xc0
  .intvec            ro code          0x0   0xc0  startup_MKL46Z4.o [1]
                                   - 0xc0   0xc0

"P1", part 1 of 2:                          0xc4
  .text              ro code         0xc0   0x30  copy_init3.o [3]
  .text              ro code         0xf0   0x28  data_init.o [3]
  .text              ro code        0x118   0x24  startup_MKL46Z4.o [1]
  .iar.init_table    const          0x13c   0x14  - Linker created -
  .text              ro code        0x150   0x1e  cmain.o [3]
  .text              ro code        0x16e    0x4  low_level_init.o [2]
  .text              ro code        0x172    0x8  exit.o [2]
  .text              ro code        0x17a    0x2  startup_MKL46Z4.o [1]
  Initializer bytes  const          0x17c    0x8  <for P3 s0>
                                  - 0x184   0xc4

"P5":                                       0x10
  FlashConfig        ro code        0x400   0x10  startup_MKL46Z4.o [1]
                                  - 0x410   0x10

"P1", part 2 of 2:                         0x252
  .text              ro code        0x410  0x1ac  maiin.o [1]
  .text              ro code        0x5bc    0xa  cexit.o [3]
  .text              ro code        0x5c6    0x2  startup_MKL46Z4.o [1]
  .text              ro code        0x5c8   0x14  exit.o [4]
  .text              ro code        0x5dc    0xc  system_MKL46Z4.o [1]
  .text              ro code        0x5e8    0xc  cstartup_M.o [3]
  .text              ro code        0x5f4    0x8  startup_MKL46Z4.o [1]
  .text              ro code        0x5fc    0x8  startup_MKL46Z4.o [1]
  .text              ro code        0x604    0x8  startup_MKL46Z4.o [1]
  .text              ro code        0x60c    0x8  startup_MKL46Z4.o [1]
  .text              ro code        0x614    0x8  startup_MKL46Z4.o [1]
  .text              ro code        0x61c    0x8  startup_MKL46Z4.o [1]
  .text              ro code        0x624    0x8  startup_MKL46Z4.o [1]
  .text              ro code        0x62c    0x8  startup_MKL46Z4.o [1]
  .text              ro code        0x634    0x8  startup_MKL46Z4.o [1]
  .text              ro code        0x63c    0x8  startup_MKL46Z4.o [1]
  .text              ro code        0x644    0x8  startup_MKL46Z4.o [1]
  .text              ro code        0x64c    0x8  startup_MKL46Z4.o [1]
  .text              ro code        0x654    0x8  startup_MKL46Z4.o [1]
  .text              ro code        0x65c    0x2  startup_MKL46Z4.o [1]
  .text              ro code        0x65e    0x2  startup_MKL46Z4.o [1]
  .text              ro code        0x660    0x2  startup_MKL46Z4.o [1]
  .rodata            const          0x662    0x0  copy_init3.o [3]
                                  - 0x662  0x252

"P3", part 1 of 2:                           0x8
  P3 s0                       0x1fff'e000    0x8  <Init block>
    .data            inited   0x1fff'e000    0x1  maiin.o [1]
    .data            inited   0x1fff'e001    0x1  maiin.o [1]
    .data            inited   0x1fff'e002    0x1  maiin.o [1]
    .data            inited   0x1fff'e003    0x1  maiin.o [1]
    .bss             inited   0x1fff'e004    0x1  maiin.o [1]
    .bss             inited   0x1fff'e005    0x1  maiin.o [1]
                            - 0x1fff'e008    0x8

"P3", part 2 of 2:                         0x800
  CSTACK                      0x1fff'e008  0x800  <Block>
    CSTACK           uninit   0x1fff'e008  0x800  <Block tail>
                            - 0x1fff'e808  0x800

Unused ranges:

         From           To      Size
         ----           --      ----
        0x184        0x3ff     0x27c
        0x662     0x3'ffff  0x3'f99e
  0x1fff'e808  0x1fff'ffff    0x17f8
  0x2000'0000  0x2000'5fff    0x6000


*******************************************************************************
*** INIT TABLE
***

          Address      Size
          -------      ----
Copy (__iar_copy_init3)
    1 source range, total size 0x8 (133% of destination):
                0x17c   0x8
    1 destination range, total size 0x6:
          0x1fff'e000   0x6



*******************************************************************************
*** MODULE SUMMARY
***

    Module             ro code  ro data  rw data
    ------             -------  -------  -------
command line/config:
    --------------------------------------------
    Total:

D:\ARM\Assignment3_RTC\project\Debug\Obj: [1]
    maiin.o                428        6        6
    startup_MKL46Z4.o      358
    system_MKL46Z4.o        12
    --------------------------------------------
    Total:                 798        6        6

dl6M_tln.a: [2]
    exit.o                   8
    low_level_init.o         4
    --------------------------------------------
    Total:                  12

rt6M_tl.a: [3]
    cexit.o                 10
    cmain.o                 30
    copy_init3.o            48
    cstartup_M.o            12
    data_init.o             40
    --------------------------------------------
    Total:                 140

shb_l.a: [4]
    exit.o                  20
    --------------------------------------------
    Total:                  20

    Linker created                   22    2'048
------------------------------------------------
    Grand Total:           970       28    2'054


*******************************************************************************
*** ENTRY LIST
***

Entry                       Address  Size  Type      Object
-----                       -------  ----  ----      ------
.iar.init_table$$Base         0x13c         --   Gb  - Linker created -
.iar.init_table$$Limit        0x150         --   Gb  - Linker created -
?main                         0x151        Code  Gb  cmain.o [3]
CSTACK$$Base            0x1fff'e008         --   Gb  - Linker created -
CSTACK$$Limit           0x1fff'e808         --   Gb  - Linker created -
Led_Init                      0x457  0x52  Code  Gb  maiin.o [1]
RTC_Init                      0x4a9  0x48  Code  Gb  maiin.o [1]
Region$$Table$$Base           0x13c         --   Gb  - Linker created -
Region$$Table$$Limit          0x150         --   Gb  - Linker created -
Set_GreenLed                  0x4f1  0x38  Code  Lc  maiin.o [1]
Set_RedLed                    0x529  0x3c  Code  Lc  maiin.o [1]
SystemInit                    0x5dd   0x8  Code  Gb  system_MKL46Z4.o [1]
__Vectors                       0x0         --   Gb  startup_MKL46Z4.o [1]
__Vectors_End                  0xc0        Data  Gb  startup_MKL46Z4.o [1]
__Vectors_Size {Abs}           0xc0         --   Gb  startup_MKL46Z4.o [1]
__cmain                       0x151        Code  Gb  cmain.o [3]
__exit                        0x5c9  0x14  Code  Gb  exit.o [4]
__iar_copy_init3               0xc1  0x30  Code  Gb  copy_init3.o [3]
__iar_data_init3               0xf1  0x28  Code  Gb  data_init.o [3]
__iar_program_start           0x5e9        Code  Gb  cstartup_M.o [3]
__low_level_init              0x16f   0x4  Code  Gb  low_level_init.o [2]
__vector_table                  0x0        Data  Gb  startup_MKL46Z4.o [1]
__vector_table_0x1c            0x1c        Data  Gb  startup_MKL46Z4.o [1]
_call_main                    0x15d        Code  Gb  cmain.o [3]
_exit                         0x5bd        Code  Gb  cexit.o [3]
_main                         0x16b        Code  Gb  cmain.o [3]
exit                          0x173   0x8  Code  Gb  exit.o [2]
led1_off                0x1fff'e001   0x1  Data  Gb  maiin.o [1]
led1_on                 0x1fff'e000   0x1  Data  Gb  maiin.o [1]
led2_off                0x1fff'e003   0x1  Data  Gb  maiin.o [1]
led2_on                 0x1fff'e002   0x1  Data  Gb  maiin.o [1]
main                          0x411  0x46  Code  Gb  maiin.o [1]
time_greenLed           0x1fff'e005   0x1  Data  Gb  maiin.o [1]
time_redLed             0x1fff'e004   0x1  Data  Gb  maiin.o [1]


[1] = D:\ARM\Assignment3_RTC\project\Debug\Obj
[2] = dl6M_tln.a
[3] = rt6M_tl.a
[4] = shb_l.a

    970 bytes of readonly  code memory
     28 bytes of readonly  data memory
  2'054 bytes of readwrite data memory

Errors: none
Warnings: none
