###############################################################################
#
# IAR ELF Linker V8.42.1.233/W32 for ARM                  06/Feb/2020  11:00:46
# Copyright 2007-2019 IAR Systems AB.
#
#    Output file  =  D:\ARM\TEMINAL\Assignment3_RTC\project\Debug\Exe\PIT.out
#    Map file     =  D:\ARM\TEMINAL\Assignment3_RTC\project\Debug\List\PIT.map
#    Command line =
#        -f C:\Users\DELL\AppData\Local\Temp\EWC2C1.tmp
#        (D:\ARM\TEMINAL\Assignment3_RTC\project\Debug\Obj\maiin.o
#        D:\ARM\TEMINAL\Assignment3_RTC\project\Debug\Obj\RTC.o
#        D:\ARM\TEMINAL\Assignment3_RTC\project\Debug\Obj\startup_MKL46Z4.o
#        D:\ARM\TEMINAL\Assignment3_RTC\project\Debug\Obj\system_MKL46Z4.o
#        --no_out_extension -o
#        D:\ARM\TEMINAL\Assignment3_RTC\project\Debug\Exe\PIT.out --map
#        D:\ARM\TEMINAL\Assignment3_RTC\project\Debug\List\PIT.map --config
#        "C:\Program Files (x86)\IAR Systems\Embedded Workbench
#        8.4\arm\config\linker\NXP\MKL46Z256xxx4.icf" --semihosting --entry
#        __iar_program_start --vfe --text_out locale)
#
###############################################################################

*******************************************************************************
*** RUNTIME MODEL ATTRIBUTES
***

CppFlavor       = *
__SystemLibrary = DLib
__dlib_version  = 6


*******************************************************************************
*** HEAP SELECTION
***

The basic heap was selected because some modules are built with
size limitations (and not runtime checking), and --advanced_heap
was not specified.


*******************************************************************************
*** PLACEMENT SUMMARY
***

"A0":  place at address 0x0 { ro section .intvec };
"P1":  place in [from 0x0 to 0x3ff] |
                [from 0x410 to 0x3'ffff] { ro };
define block CSTACK with size = 2K, alignment = 8 { };
define block HEAP with size = 4K, alignment = 8 { };
"P3":  place in [from 0x1fff'e000 to 0x1fff'ffff] |
                [from 0x2000'0000 to 0x2000'5fff] {
          rw, block CSTACK, block HEAP };
"P5":  place in [from 0x400 to 0x40f] { section FlashConfig };
initialize by copy { rw };

No sections matched the following patterns:

  ro section application_specific_ro  in "P2|P4"
  rw section application_specific_rw  in "P2|P4"


  Section            Kind         Address   Size  Object
  -------            ----         -------   ----  ------
"A0":                                       0xc0
  .intvec            ro code          0x0   0xc0  startup_MKL46Z4.o [1]
                                   - 0xc0   0xc0

"P1", part 1 of 2:                         0x1a4
  .text              ro code         0xc0  0x19c  RTC.o [1]
  Initializer bytes  const          0x25c    0x8  <for P3 s0>
                                  - 0x264  0x1a4

"P5":                                       0x10
  FlashConfig        ro code        0x400   0x10  startup_MKL46Z4.o [1]
                                  - 0x410   0x10

"P1", part 2 of 2:                         0x17a
  .text              ro code        0x410   0x30  copy_init3.o [3]
  .text              ro code        0x440   0x28  data_init.o [3]
  .text              ro code        0x468   0x24  startup_MKL46Z4.o [1]
  .iar.init_table    const          0x48c   0x14  - Linker created -
  .text              ro code        0x4a0   0x1e  cmain.o [3]
  .text              ro code        0x4be    0x4  low_level_init.o [2]
  .text              ro code        0x4c2   0x18  maiin.o [1]
  .text              ro code        0x4da    0x8  exit.o [2]
  .text              ro code        0x4e2    0x2  startup_MKL46Z4.o [1]
  .text              ro code        0x4e4    0xa  cexit.o [3]
  .text              ro code        0x4ee    0x2  startup_MKL46Z4.o [1]
  .text              ro code        0x4f0   0x14  exit.o [4]
  .text              ro code        0x504    0xc  system_MKL46Z4.o [1]
  .text              ro code        0x510    0xc  cstartup_M.o [3]
  .text              ro code        0x51c    0x8  startup_MKL46Z4.o [1]
  .text              ro code        0x524    0x8  startup_MKL46Z4.o [1]
  .text              ro code        0x52c    0x8  startup_MKL46Z4.o [1]
  .text              ro code        0x534    0x8  startup_MKL46Z4.o [1]
  .text              ro code        0x53c    0x8  startup_MKL46Z4.o [1]
  .text              ro code        0x544    0x8  startup_MKL46Z4.o [1]
  .text              ro code        0x54c    0x8  startup_MKL46Z4.o [1]
  .text              ro code        0x554    0x8  startup_MKL46Z4.o [1]
  .text              ro code        0x55c    0x8  startup_MKL46Z4.o [1]
  .text              ro code        0x564    0x8  startup_MKL46Z4.o [1]
  .text              ro code        0x56c    0x8  startup_MKL46Z4.o [1]
  .text              ro code        0x574    0x8  startup_MKL46Z4.o [1]
  .text              ro code        0x57c    0x8  startup_MKL46Z4.o [1]
  .text              ro code        0x584    0x2  startup_MKL46Z4.o [1]
  .text              ro code        0x586    0x2  startup_MKL46Z4.o [1]
  .text              ro code        0x588    0x2  startup_MKL46Z4.o [1]
  .rodata            const          0x58a    0x0  copy_init3.o [3]
                                  - 0x58a  0x17a

"P3", part 1 of 2:                           0x8
  P3 s0                       0x1fff'e000    0x8  <Init block>
    .data            inited   0x1fff'e000    0x1  RTC.o [1]
    .data            inited   0x1fff'e001    0x1  RTC.o [1]
    .data            inited   0x1fff'e002    0x1  RTC.o [1]
    .data            inited   0x1fff'e003    0x1  RTC.o [1]
    .bss             inited   0x1fff'e004    0x1  RTC.o [1]
    .bss             inited   0x1fff'e005    0x1  RTC.o [1]
                            - 0x1fff'e008    0x8

"P3", part 2 of 2:                         0x800
  CSTACK                      0x1fff'e008  0x800  <Block>
    CSTACK           uninit   0x1fff'e008  0x800  <Block tail>
                            - 0x1fff'e808  0x800

Unused ranges:

         From           To      Size
         ----           --      ----
        0x264        0x3ff     0x19c
        0x58a     0x3'ffff  0x3'fa76
  0x1fff'e808  0x1fff'ffff    0x17f8
  0x2000'0000  0x2000'5fff    0x6000


*******************************************************************************
*** INIT TABLE
***

          Address      Size
          -------      ----
Copy (__iar_copy_init3)
    1 source range, total size 0x8 (133% of destination):
                0x25c   0x8
    1 destination range, total size 0x6:
          0x1fff'e000   0x6



*******************************************************************************
*** MODULE SUMMARY
***

    Module             ro code  ro data  rw data
    ------             -------  -------  -------
command line/config:
    --------------------------------------------
    Total:

D:\ARM\TEMINAL\Assignment3_RTC\project\Debug\Obj: [1]
    RTC.o                  412        6        6
    maiin.o                 24
    startup_MKL46Z4.o      358
    system_MKL46Z4.o        12
    --------------------------------------------
    Total:                 806        6        6

dl6M_tln.a: [2]
    exit.o                   8
    low_level_init.o         4
    --------------------------------------------
    Total:                  12

rt6M_tl.a: [3]
    cexit.o                 10
    cmain.o                 30
    copy_init3.o            48
    cstartup_M.o            12
    data_init.o             40
    --------------------------------------------
    Total:                 140

shb_l.a: [4]
    exit.o                  20
    --------------------------------------------
    Total:                  20

    Linker created                   22    2'048
------------------------------------------------
    Grand Total:           978       28    2'054


*******************************************************************************
*** ENTRY LIST
***

Entry                       Address  Size  Type      Object
-----                       -------  ----  ----      ------
.iar.init_table$$Base         0x48c         --   Gb  - Linker created -
.iar.init_table$$Limit        0x4a0         --   Gb  - Linker created -
?main                         0x4a1        Code  Gb  cmain.o [3]
CSTACK$$Base            0x1fff'e008         --   Gb  - Linker created -
CSTACK$$Limit           0x1fff'e808         --   Gb  - Linker created -
Led_Init                       0xc1  0x52  Code  Gb  RTC.o [1]
RTC_Init                      0x113  0x48  Code  Gb  RTC.o [1]
ReSet_RTC                     0x1cf  0x36  Code  Gb  RTC.o [1]
Region$$Table$$Base           0x48c         --   Gb  - Linker created -
Region$$Table$$Limit          0x4a0         --   Gb  - Linker created -
Set_GreenLed                  0x15b  0x38  Code  Gb  RTC.o [1]
Set_RedLed                    0x193  0x3c  Code  Gb  RTC.o [1]
SystemInit                    0x505   0x8  Code  Gb  system_MKL46Z4.o [1]
__Vectors                       0x0         --   Gb  startup_MKL46Z4.o [1]
__Vectors_End                  0xc0        Data  Gb  startup_MKL46Z4.o [1]
__Vectors_Size {Abs}           0xc0         --   Gb  startup_MKL46Z4.o [1]
__cmain                       0x4a1        Code  Gb  cmain.o [3]
__exit                        0x4f1  0x14  Code  Gb  exit.o [4]
__iar_copy_init3              0x411  0x30  Code  Gb  copy_init3.o [3]
__iar_data_init3              0x441  0x28  Code  Gb  data_init.o [3]
__iar_program_start           0x511        Code  Gb  cstartup_M.o [3]
__low_level_init              0x4bf   0x4  Code  Gb  low_level_init.o [2]
__vector_table                  0x0        Data  Gb  startup_MKL46Z4.o [1]
__vector_table_0x1c            0x1c        Data  Gb  startup_MKL46Z4.o [1]
_call_main                    0x4ad        Code  Gb  cmain.o [3]
_exit                         0x4e5        Code  Gb  cexit.o [3]
_main                         0x4bb        Code  Gb  cmain.o [3]
exit                          0x4db   0x8  Code  Gb  exit.o [2]
led1_off                0x1fff'e001   0x1  Data  Gb  RTC.o [1]
led1_on                 0x1fff'e000   0x1  Data  Gb  RTC.o [1]
led2_off                0x1fff'e003   0x1  Data  Gb  RTC.o [1]
led2_on                 0x1fff'e002   0x1  Data  Gb  RTC.o [1]
main                          0x4c3  0x18  Code  Gb  maiin.o [1]
time_greenLed           0x1fff'e005   0x1  Data  Gb  RTC.o [1]
time_redLed             0x1fff'e004   0x1  Data  Gb  RTC.o [1]


[1] = D:\ARM\TEMINAL\Assignment3_RTC\project\Debug\Obj
[2] = dl6M_tln.a
[3] = rt6M_tl.a
[4] = shb_l.a

    978 bytes of readonly  code memory
     28 bytes of readonly  data memory
  2'054 bytes of readwrite data memory

Errors: none
Warnings: none
