###############################################################################
#
# IAR ELF Linker V8.42.1.233/W32 for ARM                  16/Feb/2020  14:44:04
# Copyright 2007-2019 IAR Systems AB.
#
#    Output file  =
#        D:\ARM\TEMINAL\QuangPM4_Mocktest\project\Debug\Exe\MOCK.out
#    Map file     =
#        D:\ARM\TEMINAL\QuangPM4_Mocktest\project\Debug\List\MOCK.map
#    Command line =
#        -f C:\Users\DELL\AppData\Local\Temp\EWBFE8.tmp
#        (D:\ARM\TEMINAL\QuangPM4_Mocktest\project\Debug\Obj\app.o
#        D:\ARM\TEMINAL\QuangPM4_Mocktest\project\Debug\Obj\Flash.o
#        D:\ARM\TEMINAL\QuangPM4_Mocktest\project\Debug\Obj\gpio.o
#        D:\ARM\TEMINAL\QuangPM4_Mocktest\project\Debug\Obj\main.o
#        D:\ARM\TEMINAL\QuangPM4_Mocktest\project\Debug\Obj\parse.o
#        D:\ARM\TEMINAL\QuangPM4_Mocktest\project\Debug\Obj\queue.o
#        D:\ARM\TEMINAL\QuangPM4_Mocktest\project\Debug\Obj\startup_MKL46Z4.o
#        D:\ARM\TEMINAL\QuangPM4_Mocktest\project\Debug\Obj\system_MKL46Z4.o
#        D:\ARM\TEMINAL\QuangPM4_Mocktest\project\Debug\Obj\uart0.o
#        --no_out_extension -o
#        D:\ARM\TEMINAL\QuangPM4_Mocktest\project\Debug\Exe\MOCK.out --map
#        D:\ARM\TEMINAL\QuangPM4_Mocktest\project\Debug\List\MOCK.map --config
#        "C:\Program Files (x86)\IAR Systems\Embedded Workbench
#        8.4\arm\config\linker\NXP\MKL46Z256xxx4.icf" --semihosting --entry
#        __iar_program_start --vfe --text_out locale)
#
###############################################################################

*******************************************************************************
*** RUNTIME MODEL ATTRIBUTES
***

CppFlavor       = *
__SystemLibrary = DLib
__dlib_version  = 6


*******************************************************************************
*** HEAP SELECTION
***

The basic heap was selected because some modules are built with
size limitations (and not runtime checking), and --advanced_heap
was not specified.


*******************************************************************************
*** PLACEMENT SUMMARY
***

"A0":  place at address 0x0 { ro section .intvec };
"P1":  place in [from 0x0 to 0x3ff] |
                [from 0x410 to 0x3'ffff] { ro };
define block CSTACK with size = 2K, alignment = 8 { };
define block HEAP with size = 4K, alignment = 8 { };
"P3":  place in [from 0x1fff'e000 to 0x1fff'ffff] |
                [from 0x2000'0000 to 0x2000'5fff] {
          rw, block CSTACK, block HEAP };
"P5":  place in [from 0x400 to 0x40f] { section FlashConfig };

No sections matched the following patterns:

  ro section application_specific_ro  in "P2|P4"
  rw section application_specific_rw  in "P2|P4"


  Section          Kind         Address   Size  Object
  -------          ----         -------   ----  ------
"A0":                                     0xc0
  .intvec          ro code          0x0   0xc0  startup_MKL46Z4.o [1]
                                 - 0xc0   0xc0

"P1", part 1 of 2:                       0x228
  .text            ro code         0xc0    0xe  strlen.o [4]
  .text            ro code         0xce    0x2  startup_MKL46Z4.o [1]
  .text            ro code         0xd0   0x36  IxxToFlt.o [3]
  .text            ro code        0x106   0xaa  FltDiv.o [3]
  .text            ro code        0x1b0   0x20  FltCmpEq.o [3]
  .text            ro code        0x1d0   0x26  FltCmpLe.o [3]
  .text            ro code        0x1f6    0x2  startup_MKL46Z4.o [1]
  .text            ro code        0x1f8   0x34  ABImemcpy.o [4]
  .text            ro code        0x22c   0xbc  queue.o [1]
                                - 0x2e8  0x228

"P5":                                     0x10
  FlashConfig      ro code        0x400   0x10  startup_MKL46Z4.o [1]
                                - 0x410   0x10

"P1", part 2 of 2:                       0xa0c
  .text            ro code        0x410  0x368  parse.o [1]
  .text            ro code        0x778  0x218  uart0.o [1]
  .text            ro code        0x990   0xe0  I32DivModFast.o [4]
  .text            ro code        0xa70    0x2  IntDivZer.o [4]
  .text            ro code        0xa72    0x2  startup_MKL46Z4.o [1]
  .text            ro code        0xa74   0xe0  Flash.o [1]
  .text            ro code        0xb54   0xc4  app.o [1]
  .text            ro code        0xc18   0x3c  zero_init3.o [4]
  .text            ro code        0xc54   0x38  gpio.o [1]
  .text            ro code        0xc8c   0x28  data_init.o [4]
  .text            ro code        0xcb4   0x24  startup_MKL46Z4.o [1]
  .iar.init_table  const          0xcd8   0x10  - Linker created -
  .text            ro code        0xce8   0x20  main.o [1]
  .text            ro code        0xd08   0x1e  cmain.o [4]
  .text            ro code        0xd26    0x4  low_level_init.o [2]
  .text            ro code        0xd2a    0x8  exit.o [2]
  .text            ro code        0xd32    0x2  startup_MKL46Z4.o [1]
  .text            ro code        0xd34    0xa  cexit.o [4]
  .text            ro code        0xd3e    0x2  startup_MKL46Z4.o [1]
  .text            ro code        0xd40   0x14  exit.o [5]
  .rodata          const          0xd54   0x18  app.o [1]
  .rodata          const          0xd6c   0x10  app.o [1]
  .rodata          const          0xd7c   0x10  app.o [1]
  .text            ro code        0xd8c    0xc  system_MKL46Z4.o [1]
  .text            ro code        0xd98    0xc  cstartup_M.o [4]
  .rodata          const          0xda4    0x8  parse.o [1]
  .rodata          const          0xdac    0x8  parse.o [1]
  .rodata          const          0xdb4    0x8  parse.o [1]
  .text            ro code        0xdbc    0x8  startup_MKL46Z4.o [1]
  .text            ro code        0xdc4    0x8  startup_MKL46Z4.o [1]
  .text            ro code        0xdcc    0x8  startup_MKL46Z4.o [1]
  .text            ro code        0xdd4    0x8  startup_MKL46Z4.o [1]
  .text            ro code        0xddc    0x8  startup_MKL46Z4.o [1]
  .text            ro code        0xde4    0x8  startup_MKL46Z4.o [1]
  .text            ro code        0xdec    0x8  startup_MKL46Z4.o [1]
  .text            ro code        0xdf4    0x8  startup_MKL46Z4.o [1]
  .text            ro code        0xdfc    0x8  startup_MKL46Z4.o [1]
  .text            ro code        0xe04    0x8  startup_MKL46Z4.o [1]
  .text            ro code        0xe0c    0x8  startup_MKL46Z4.o [1]
  .text            ro code        0xe14    0x8  startup_MKL46Z4.o [1]
  .rodata          const          0xe1c    0x0  zero_init3.o [4]
                                - 0xe1c  0xa0c

"P3", part 1 of 2:                       0x1e0
  .bss             zero     0x1fff'e000  0x108  parse.o [1]
  .bss             zero     0x1fff'e108   0xcc  queue.o [1]
  .bss             zero     0x1fff'e1d4    0x4  app.o [1]
  .bss             zero     0x1fff'e1d8    0x4  uart0.o [1]
  .bss             zero     0x1fff'e1dc    0x1  uart0.o [1]
  .bss             zero     0x1fff'e1dd    0x1  uart0.o [1]
                          - 0x1fff'e1de  0x1de

"P3", part 2 of 2:                       0x800
  CSTACK                    0x1fff'e1e0  0x800  <Block>
    CSTACK         uninit   0x1fff'e1e0  0x800  <Block tail>
                          - 0x1fff'e9e0  0x800

Unused ranges:

         From           To      Size
         ----           --      ----
        0x2e8        0x3ff     0x118
        0xe1c     0x3'ffff  0x3'f1e4
  0x1fff'e9e0  0x1fff'ffff    0x1620
  0x2000'0000  0x2000'5fff    0x6000


*******************************************************************************
*** INIT TABLE
***

          Address      Size
          -------      ----
Zero (__iar_zero_init3)
    1 destination range, total size 0x1de:
          0x1fff'e000  0x1de



*******************************************************************************
*** MODULE SUMMARY
***

    Module             ro code  ro data  rw data
    ------             -------  -------  -------
command line/config:
    --------------------------------------------
    Total:

D:\ARM\TEMINAL\QuangPM4_Mocktest\project\Debug\Obj: [1]
    Flash.o                224
    app.o                  196       56        4
    gpio.o                  56
    main.o                  32
    parse.o                872       24      264
    queue.o                188               204
    startup_MKL46Z4.o      350
    system_MKL46Z4.o        12
    uart0.o                536                 6
    --------------------------------------------
    Total:               2'466       80      478

dl6M_tln.a: [2]
    exit.o                   8
    low_level_init.o         4
    --------------------------------------------
    Total:                  12

m6M_tl.a: [3]
    FltCmpEq.o              32
    FltCmpLe.o              38
    FltDiv.o               170
    IxxToFlt.o              54
    --------------------------------------------
    Total:                 294

rt6M_tl.a: [4]
    ABImemcpy.o             52
    I32DivModFast.o        224
    IntDivZer.o              2
    cexit.o                 10
    cmain.o                 30
    cstartup_M.o            12
    data_init.o             40
    strlen.o                14
    zero_init3.o            60
    --------------------------------------------
    Total:                 444

shb_l.a: [5]
    exit.o                  20
    --------------------------------------------
    Total:                  20

    Linker created                   16    2'048
------------------------------------------------
    Grand Total:         3'236       96    2'526


*******************************************************************************
*** ENTRY LIST
***

Entry                       Address   Size  Type      Object
-----                       -------   ----  ----      ------
.iar.init_table$$Base         0xcd8          --   Gb  - Linker created -
.iar.init_table$$Limit        0xce8          --   Gb  - Linker created -
?main                         0xd09         Code  Gb  cmain.o [4]
ByteCount                     0x489   0x50  Code  Gb  parse.o [1]
CSTACK$$Base            0x1fff'e1e0          --   Gb  - Linker created -
CSTACK$$Limit           0x1fff'e9e0          --   Gb  - Linker created -
CheckChar                     0x42f   0x5a  Code  Gb  parse.o [1]
CheckSum                      0x4d9   0x5e  Code  Gb  parse.o [1]
ConvertHetoDe                 0x411   0x1e  Code  Gb  parse.o [1]
Erase_Multi_Sector            0xb29   0x2c  Code  Gb  Flash.o [1]
Erase_Sector                  0xac7   0x3a  Code  Gb  Flash.o [1]
NVIC_EnableIRQ                0x779    0xe  Code  Lc  uart0.o [1]
NVIC_SetPriority              0x787   0x8a  Code  Lc  uart0.o [1]
OutPut                        0x569  0x1fa  Code  Gb  parse.o [1]
Parse_src                     0x537   0x32  Code  Gb  parse.o [1]
Program_LongWord_8B           0xa75   0x52  Code  Gb  Flash.o [1]
Region$$Table$$Base           0xcd8          --   Gb  - Linker created -
Region$$Table$$Limit          0xce8          --   Gb  - Linker created -
SystemInit                    0xd8d    0x8  Code  Gb  system_MKL46Z4.o [1]
UART0_IRQHandler              0x8e7   0x5a  Code  Gb  uart0.o [1]
UART_GetChar                  0x8b1   0x12  Code  Gb  uart0.o [1]
UART_Init                     0x811   0x7a  Code  Gb  uart0.o [1]
UART_Interrup_Init            0x8c3   0x24  Code  Gb  uart0.o [1]
UART_Send_Char                0x88b   0x10  Code  Gb  uart0.o [1]
UART_Send_String              0x89b   0x16  Code  Gb  uart0.o [1]
__Vectors                       0x0          --   Gb  startup_MKL46Z4.o [1]
__Vectors_End                  0xc0         Data  Gb  startup_MKL46Z4.o [1]
__Vectors_Size {Abs}           0xc0          --   Gb  startup_MKL46Z4.o [1]
__aeabi_cfcmpeq               0x1b1         Code  Gb  FltCmpEq.o [3]
__aeabi_cfcmple               0x1d1         Code  Gb  FltCmpLe.o [3]
__aeabi_fdiv                  0x107         Code  Gb  FltDiv.o [3]
__aeabi_i2f                    0xf1         Code  Gb  IxxToFlt.o [3]
__aeabi_idiv                  0x9bd         Code  Gb  I32DivModFast.o [4]
__aeabi_idiv0                 0xa71         Code  Gb  IntDivZer.o [4]
__aeabi_idivmod               0x9bd         Code  Gb  I32DivModFast.o [4]
__aeabi_memcpy4               0x1f9         Code  Gb  ABImemcpy.o [4]
__aeabi_memcpy8               0x1f9         Code  Gb  ABImemcpy.o [4]
__aeabi_ui2f                   0xd1         Code  Gb  IxxToFlt.o [3]
__aeabi_uidiv                 0x9c3         Code  Gb  I32DivModFast.o [4]
__aeabi_uidivmod              0x9c3         Code  Gb  I32DivModFast.o [4]
__cmain                       0xd09         Code  Gb  cmain.o [4]
__exit                        0xd41   0x14  Code  Gb  exit.o [5]
__iar_data_init3              0xc8d   0x28  Code  Gb  data_init.o [4]
__iar_program_start           0xd99         Code  Gb  cstartup_M.o [4]
__iar_zero_init3              0xc19   0x3c  Code  Gb  zero_init3.o [4]
__low_level_init              0xd27    0x4  Code  Gb  low_level_init.o [2]
__vector_table                  0x0         Data  Gb  startup_MKL46Z4.o [1]
__vector_table_0x1c            0x1c         Data  Gb  startup_MKL46Z4.o [1]
_call_main                    0xd15         Code  Gb  cmain.o [4]
_exit                         0xd35         Code  Gb  cexit.o [4]
_main                         0xd23         Code  Gb  cmain.o [4]
app                           0xbe5   0x1a  Code  Gb  app.o [1]
boot                          0xb55   0x90  Code  Gb  app.o [1]
exit                          0xd2b    0x8  Code  Gb  exit.o [2]
g_data                  0x1fff'e1dc    0x1  Data  Lc  uart0.o [1]
g_func_reset            0x1fff'e1d4    0x4  Data  Lc  app.o [1]
g_index                 0x1fff'e1dd    0x1  Data  Lc  uart0.o [1]
init_button                   0xc55   0x38  Code  Gb  gpio.o [1]
main                          0xce9   0x20  Code  Gb  main.o [1]
output                  0x1fff'e000  0x108  Data  Gb  parse.o [1]
queue                   0x1fff'e108   0xcc  Data  Lc  queue.o [1]
queue_POP_Data                0x2a3   0x26  Code  Gb  queue.o [1]
queue_Pushdata                0x25d   0x2c  Code  Gb  queue.o [1]
queue_check_Empty             0x239   0x12  Code  Gb  queue.o [1]
queue_check_Full              0x24b   0x12  Code  Gb  queue.o [1]
queue_init                    0x22d    0xc  Code  Gb  queue.o [1]
queue_pop                     0x2c9   0x1a  Code  Gb  queue.o [1]
queue_push                    0x289   0x1a  Code  Gb  queue.o [1]
readPtr                 0x1fff'e1d8    0x4  Data  Lc  uart0.o [1]
strlen                         0xc1         Code  Gb  strlen.o [4]


[1] = D:\ARM\TEMINAL\QuangPM4_Mocktest\project\Debug\Obj
[2] = dl6M_tln.a
[3] = m6M_tl.a
[4] = rt6M_tl.a
[5] = shb_l.a

  3'236 bytes of readonly  code memory
     96 bytes of readonly  data memory
  2'526 bytes of readwrite data memory

Errors: none
Warnings: none
