###############################################################################
#
# IAR ELF Linker V8.42.1.233/W32 for ARM                  21/Feb/2020  11:47:53
# Copyright 2007-2019 IAR Systems AB.
#
#    Output file  =
#        D:\ARM\TEMINAL\MockTest_2_update\project\Debug\Exe\project4.out
#    Map file     =
#        D:\ARM\TEMINAL\MockTest_2_update\project\Debug\List\project4.map
#    Command line =
#        -f C:\Users\DELL\AppData\Local\Temp\EWD18F.tmp
#        (D:\ARM\TEMINAL\MockTest_2_update\project\Debug\Obj\APP.o
#        D:\ARM\TEMINAL\MockTest_2_update\project\Debug\Obj\Flash.o
#        D:\ARM\TEMINAL\MockTest_2_update\project\Debug\Obj\gpio.o
#        D:\ARM\TEMINAL\MockTest_2_update\project\Debug\Obj\main.o
#        D:\ARM\TEMINAL\MockTest_2_update\project\Debug\Obj\QUEUE.o
#        D:\ARM\TEMINAL\MockTest_2_update\project\Debug\Obj\Srec.o
#        D:\ARM\TEMINAL\MockTest_2_update\project\Debug\Obj\startup_MKL46Z4.o
#        D:\ARM\TEMINAL\MockTest_2_update\project\Debug\Obj\system_MKL46Z4.o
#        D:\ARM\TEMINAL\MockTest_2_update\project\Debug\Obj\UART.o
#        --no_out_extension -o
#        D:\ARM\TEMINAL\MockTest_2_update\project\Debug\Exe\project4.out --map
#        D:\ARM\TEMINAL\MockTest_2_update\project\Debug\List\project4.map
#        --config "C:\Program Files (x86)\IAR Systems\Embedded Workbench
#        8.4\arm\config\linker\NXP\MKL46Z256xxx4.icf" --semihosting --entry
#        __iar_program_start --vfe --text_out locale)
#
###############################################################################

*******************************************************************************
*** RUNTIME MODEL ATTRIBUTES
***

CppFlavor       = *
__Heap_Handler  = Basic
__SystemLibrary = DLib
__dlib_version  = 6


*******************************************************************************
*** HEAP SELECTION
***

The basic heap was selected because some modules are built with
size limitations (and not runtime checking), and --advanced_heap
was not specified.


*******************************************************************************
*** PLACEMENT SUMMARY
***

"A0":  place at address 0x0 { ro section .intvec };
"P1":  place in [from 0x0 to 0x3ff] |
                [from 0x410 to 0x3'ffff] { ro };
define block CSTACK with size = 2K, alignment = 8 { };
define block HEAP with size = 4K, alignment = 8 { };
"P3":  place in [from 0x1fff'e000 to 0x1fff'ffff] |
                [from 0x2000'0000 to 0x2000'5fff] {
          rw, block CSTACK, block HEAP };
"P5":  place in [from 0x400 to 0x40f] { section FlashConfig };
initialize by copy { rw };

No sections matched the following patterns:

  ro section application_specific_ro  in "P2|P4"
  rw section application_specific_rw  in "P2|P4"


  Section            Kind         Address    Size  Object
  -------            ----         -------    ----  ------
"A0":                                        0xc0
  .intvec            ro code          0x0    0xc0  startup_MKL46Z4.o [1]
                                   - 0xc0    0xc0

"P1", part 1 of 2:                           0xf8
  .text              ro code         0xc0    0xe0  I32DivModFast.o [3]
  .text              ro code        0x1a0     0xe  strlen.o [3]
  .text              ro code        0x1ae     0x2  startup_MKL46Z4.o [1]
  .text              ro code        0x1b0     0x2  IntDivZer.o [3]
  .text              ro code        0x1b2     0x2  startup_MKL46Z4.o [1]
  Initializer bytes  const          0x1b4     0x4  <for P3 s0>
                                  - 0x1b8    0xf8

"P5":                                        0x10
  FlashConfig        ro code        0x400    0x10  startup_MKL46Z4.o [1]
                                  - 0x410    0x10

"P1", part 2 of 2:                          0xaca
  .text              ro code        0x410   0x1b8  Srec.o [1]
  .text              ro code        0x5c8   0x17c  UART.o [1]
  .text              ro code        0x744    0xb8  QUEUE.o [1]
  .text              ro code        0x7fc   0x140  heap0.o [2]
  .text              ro code        0x93c    0x2c  xgetmemchunk.o [2]
  .text              ro code        0x968   0x11c  APP.o [1]
  .text              ro code        0xa84    0xe0  Flash.o [1]
  .text              ro code        0xb64     0x8  heaptramp0.o [2]
  .text              ro code        0xb6c    0xac  gpio.o [1]
  .rodata            const          0xc18    0x50  APP.o [1]
  .rodata            const          0xc68    0x4c  APP.o [1]
  .text              ro code        0xcb4    0x3c  zero_init3.o [3]
  .text              ro code        0xcf0    0x30  copy_init3.o [3]
  .rodata            const          0xd20    0x28  APP.o [1]
  .text              ro code        0xd48    0x28  data_init.o [3]
  .text              ro code        0xd70    0x24  main.o [1]
  .text              ro code        0xd94    0x24  startup_MKL46Z4.o [1]
  .iar.init_table    const          0xdb8    0x24  - Linker created -
  .text              ro code        0xddc    0x1e  cmain.o [3]
  .text              ro code        0xdfa     0x4  low_level_init.o [2]
  .text              ro code        0xdfe     0x8  exit.o [2]
  .text              ro code        0xe06     0x2  startup_MKL46Z4.o [1]
  .text              ro code        0xe08     0xa  cexit.o [3]
  .text              ro code        0xe12     0x2  startup_MKL46Z4.o [1]
  .text              ro code        0xe14    0x14  exit.o [4]
  .rodata            const          0xe28    0x18  APP.o [1]
  .rodata            const          0xe40    0x10  APP.o [1]
  .rodata            const          0xe50    0x10  APP.o [1]
  .text              ro code        0xe60     0xc  system_MKL46Z4.o [1]
  .text              ro code        0xe6c     0xc  cstartup_M.o [3]
  .text              ro code        0xe78     0x8  startup_MKL46Z4.o [1]
  .text              ro code        0xe80     0x8  startup_MKL46Z4.o [1]
  .text              ro code        0xe88     0x8  startup_MKL46Z4.o [1]
  .text              ro code        0xe90     0x8  startup_MKL46Z4.o [1]
  .text              ro code        0xe98     0x8  startup_MKL46Z4.o [1]
  .text              ro code        0xea0     0x8  startup_MKL46Z4.o [1]
  .text              ro code        0xea8     0x8  startup_MKL46Z4.o [1]
  .text              ro code        0xeb0     0x8  startup_MKL46Z4.o [1]
  .text              ro code        0xeb8     0x8  startup_MKL46Z4.o [1]
  .text              ro code        0xec0     0x8  startup_MKL46Z4.o [1]
  .text              ro code        0xec8     0x8  startup_MKL46Z4.o [1]
  .text              ro code        0xed0     0x8  startup_MKL46Z4.o [1]
  .text              ro code        0xed8     0x2  startup_MKL46Z4.o [1]
  .rodata            const          0xeda     0x0  zero_init3.o [3]
  .rodata            const          0xeda     0x0  copy_init3.o [3]
                                  - 0xeda   0xaca

"P3", part 1 of 3:                            0x4
  P3 s0                       0x1fff'e000     0x4  <Init block>
    .data            inited   0x1fff'e000     0x1  APP.o [1]
                            - 0x1fff'e004     0x4

"P3", part 2 of 3:                          0x41c
  .bss               zero     0x1fff'e004   0x400  QUEUE.o [1]
  .bss               zero     0x1fff'e404     0x8  heap0.o [2]
  .bss               zero     0x1fff'e40c     0x4  APP.o [1]
  .bss               zero     0x1fff'e410     0x4  UART.o [1]
  .bss               zero     0x1fff'e414     0x4  UART.o [1]
  .bss               zero     0x1fff'e418     0x4  xgetmemchunk.o [2]
  .bss               zero     0x1fff'e41c     0x2  Srec.o [1]
  .bss               zero     0x1fff'e41e     0x1  UART.o [1]
                            - 0x1fff'e41f   0x41b

"P3", part 3 of 3:                         0x1800
  CSTACK                      0x1fff'e420   0x800  <Block>
    CSTACK           uninit   0x1fff'e420   0x800  <Block tail>
  HEAP                        0x1fff'ec20  0x1000  <Block>
    HEAP             uninit   0x1fff'ec20  0x1000  <Block tail>
                            - 0x1fff'fc20  0x1800

Unused ranges:

         From           To      Size
         ----           --      ----
        0x1b8        0x3ff     0x248
        0xeda     0x3'ffff  0x3'f126
  0x1fff'fc20  0x1fff'ffff     0x3e0
  0x2000'0000  0x2000'5fff    0x6000


*******************************************************************************
*** INIT TABLE
***

          Address      Size
          -------      ----
Zero (__iar_zero_init3)
    1 destination range, total size 0x41b:
          0x1fff'e004  0x41b

Copy (__iar_copy_init3)
    1 source range, total size 0x4 (400% of destination):
                0x1b4    0x4
    1 destination range, total size 0x1:
          0x1fff'e000    0x1



*******************************************************************************
*** MODULE SUMMARY
***

    Module             ro code  ro data  rw data
    ------             -------  -------  -------
command line/config:
    --------------------------------------------
    Total:

D:\ARM\TEMINAL\MockTest_2_update\project\Debug\Obj: [1]
    APP.o                  284      253        5
    Flash.o                224
    QUEUE.o                184             1'024
    Srec.o                 440                 2
    UART.o                 380                 9
    gpio.o                 172
    main.o                  36
    startup_MKL46Z4.o      350
    system_MKL46Z4.o        12
    --------------------------------------------
    Total:               2'082      253    1'040

dl6M_tln.a: [2]
    exit.o                   8
    heap0.o                320                 8
    heaptramp0.o             8
    low_level_init.o         4
    xgetmemchunk.o          44                 4
    --------------------------------------------
    Total:                 384                12

rt6M_tl.a: [3]
    I32DivModFast.o        224
    IntDivZer.o              2
    cexit.o                 10
    cmain.o                 30
    copy_init3.o            48
    cstartup_M.o            12
    data_init.o             40
    strlen.o                14
    zero_init3.o            60
    --------------------------------------------
    Total:                 440

shb_l.a: [4]
    exit.o                  20
    --------------------------------------------
    Total:                  20

    Linker created                   39    6'144
------------------------------------------------
    Grand Total:         2'926      292    7'196


*******************************************************************************
*** ENTRY LIST
***

Entry                       Address   Size  Type      Object
-----                       -------   ----  ----      ------
.iar.init_table$$Base         0xdb8          --   Gb  - Linker created -
.iar.init_table$$Limit        0xddc          --   Gb  - Linker created -
?main                         0xddd         Code  Gb  cmain.o [3]
Aldata                  0x1fff'e404    0x8  Data  Lc  heap0.o [2]
App                           0x969   0x22  Code  Gb  APP.o [1]
Boot                          0x98b   0xd2  Code  Gb  APP.o [1]
CSTACK$$Base            0x1fff'e420          --   Gb  - Linker created -
CSTACK$$Limit           0x1fff'ec20          --   Gb  - Linker created -
Erase_Multi_Sector            0xb39   0x2c  Code  Gb  Flash.o [1]
Erase_Sector                  0xad7   0x3a  Code  Gb  Flash.o [1]
HEAP$$Base              0x1fff'ec20          --   Gb  - Linker created -
HEAP$$Limit             0x1fff'fc20          --   Gb  - Linker created -
LED_Init                      0xb6d   0x52  Code  Gb  gpio.o [1]
NVIC_EnableIRQ                0x5c9    0xe  Code  Lc  UART.o [1]
Program_LongWord_8B           0xa85   0x52  Code  Gb  Flash.o [1]
Queue_GetFreeSpaceData        0x775   0x28  Code  Gb  QUEUE.o [1]
Queue_Init                    0x745    0xc  Code  Gb  QUEUE.o [1]
Queue_IsEmpty                 0x763   0x12  Code  Gb  QUEUE.o [1]
Queue_IsFull                  0x751   0x12  Code  Gb  QUEUE.o [1]
Queue_Pop                     0x7df   0x1a  Code  Gb  QUEUE.o [1]
Queue_PopData                 0x7b7   0x28  Code  Gb  QUEUE.o [1]
Queue_Push                    0x79d   0x1a  Code  Gb  QUEUE.o [1]
Region$$Table$$Base           0xdb8          --   Gb  - Linker created -
Region$$Table$$Limit          0xddc          --   Gb  - Linker created -
SW_Init                       0xbbf   0x34  Code  Gb  gpio.o [1]
Srec_ConvertCharToHex         0x411   0x34  Code  Lc  Srec.o [1]
Srec_ConvertTwoCharToByte
                              0x445   0x1a  Code  Lc  Srec.o [1]
Srec_Parse                    0x45f  0x164  Code  Gb  Srec.o [1]
SystemInit                    0xe61    0x8  Code  Gb  system_MKL46Z4.o [1]
UART0_EnableInterrupt         0x689   0x1c  Code  Gb  UART.o [1]
UART0_GetChar                 0x677   0x12  Code  Gb  UART.o [1]
UART0_IRQHandler              0x6a5   0x56  Code  Gb  UART.o [1]
UART0_Init                    0x5d7   0x7a  Code  Gb  UART.o [1]
UART0_SendChar                0x651   0x10  Code  Gb  UART.o [1]
UART0_SendString              0x661   0x16  Code  Gb  UART.o [1]
__Vectors                       0x0          --   Gb  startup_MKL46Z4.o [1]
__Vectors_End                  0xc0         Data  Gb  startup_MKL46Z4.o [1]
__Vectors_Size {Abs}           0xc0          --   Gb  startup_MKL46Z4.o [1]
__aeabi_idiv                   0xed         Code  Gb  I32DivModFast.o [3]
__aeabi_idiv0                 0x1b1         Code  Gb  IntDivZer.o [3]
__aeabi_idivmod                0xed         Code  Gb  I32DivModFast.o [3]
__aeabi_uidiv                  0xf3         Code  Gb  I32DivModFast.o [3]
__aeabi_uidivmod               0xf3         Code  Gb  I32DivModFast.o [3]
__basic_free                  0x8ad   0x16  Code  Gb  heap0.o [2]
__basic_free_intern           0x8c3   0x76  Code  Lc  heap0.o [2]
__basic_malloc                0x7fd   0x18  Code  Gb  heap0.o [2]
__basic_malloc_intern         0x815   0x98  Code  Lc  heap0.o [2]
__cmain                       0xddd         Code  Gb  cmain.o [3]
__data_GetMemChunk            0x93d   0x2c  Code  Gb  xgetmemchunk.o [2]
__data_GetMemChunk::start
                        0x1fff'e418    0x4  Data  Lc  xgetmemchunk.o [2]
__exit                        0xe15   0x14  Code  Gb  exit.o [4]
__iar_copy_init3              0xcf1   0x30  Code  Gb  copy_init3.o [3]
__iar_data_init3              0xd49   0x28  Code  Gb  data_init.o [3]
__iar_program_start           0xe6d         Code  Gb  cstartup_M.o [3]
__iar_zero_init3              0xcb5   0x3c  Code  Gb  zero_init3.o [3]
__low_level_init              0xdfb    0x4  Code  Gb  low_level_init.o [2]
__vector_table                  0x0         Data  Gb  startup_MKL46Z4.o [1]
__vector_table_0x1c            0x1c         Data  Gb  startup_MKL46Z4.o [1]
_call_main                    0xde9         Code  Gb  cmain.o [3]
_exit                         0xe09         Code  Gb  cexit.o [3]
_main                         0xdf7         Code  Gb  cmain.o [3]
exit                          0xdff    0x8  Code  Gb  exit.o [2]
free                          0xb65    0x8  Code  Gb  heaptramp0.o [2]
g_func_reset            0x1fff'e40c    0x4  Data  Lc  APP.o [1]
g_isCheck               0x1fff'e000    0x1  Data  Lc  APP.o [1]
g_queue                 0x1fff'e004  0x400  Data  Lc  QUEUE.o [1]
main                          0xd71   0x24  Code  Gb  main.o [1]
s_arr_buff_ptr          0x1fff'e410    0x4  Data  Lc  UART.o [1]
s_count                 0x1fff'e414    0x4  Data  Lc  UART.o [1]
s_data                  0x1fff'e41e    0x1  Data  Lc  UART.o [1]
s_error                 0x1fff'e41c    0x2  Data  Lc  Srec.o [1]
strlen                        0x1a1         Code  Gb  strlen.o [3]


[1] = D:\ARM\TEMINAL\MockTest_2_update\project\Debug\Obj
[2] = dl6M_tln.a
[3] = rt6M_tl.a
[4] = shb_l.a

  2'926 bytes of readonly  code memory
    292 bytes of readonly  data memory
  7'196 bytes of readwrite data memory

Errors: none
Warnings: none
