###############################################################################
#
# IAR ELF Linker V8.42.1.233/W32 for ARM                  18/Feb/2020  09:02:09
# Copyright 2007-2019 IAR Systems AB.
#
#    Output file  =
#        D:\ARM\TEMINAL\MockTest_2_update\project\Debug\Exe\project4.out
#    Map file     =
#        D:\ARM\TEMINAL\MockTest_2_update\project\Debug\List\project4.map
#    Command line =
#        -f C:\Users\DELL\AppData\Local\Temp\EW758B.tmp
#        (D:\ARM\TEMINAL\MockTest_2_update\project\Debug\Obj\APP.o
#        D:\ARM\TEMINAL\MockTest_2_update\project\Debug\Obj\Flash.o
#        D:\ARM\TEMINAL\MockTest_2_update\project\Debug\Obj\gpio.o
#        D:\ARM\TEMINAL\MockTest_2_update\project\Debug\Obj\main.o
#        D:\ARM\TEMINAL\MockTest_2_update\project\Debug\Obj\QUEUE.o
#        D:\ARM\TEMINAL\MockTest_2_update\project\Debug\Obj\Srec.o
#        D:\ARM\TEMINAL\MockTest_2_update\project\Debug\Obj\startup_MKL46Z4.o
#        D:\ARM\TEMINAL\MockTest_2_update\project\Debug\Obj\system_MKL46Z4.o
#        D:\ARM\TEMINAL\MockTest_2_update\project\Debug\Obj\UART.o
#        --no_out_extension -o
#        D:\ARM\TEMINAL\MockTest_2_update\project\Debug\Exe\project4.out --map
#        D:\ARM\TEMINAL\MockTest_2_update\project\Debug\List\project4.map
#        --config "C:\Program Files (x86)\IAR Systems\Embedded Workbench
#        8.4\arm\config\linker\NXP\MKL46Z256xxx4.icf" --semihosting --entry
#        __iar_program_start --vfe --text_out locale)
#
###############################################################################

*******************************************************************************
*** RUNTIME MODEL ATTRIBUTES
***

CppFlavor       = *
__Heap_Handler  = NoFree
__SystemLibrary = DLib
__dlib_version  = 6


*******************************************************************************
*** HEAP SELECTION
***

The no free heap was selected because no calls to memory
deallocation functions were found in the application.


*******************************************************************************
*** PLACEMENT SUMMARY
***

"A0":  place at address 0x0 { ro section .intvec };
"P1":  place in [from 0x0 to 0x3ff] |
                [from 0x410 to 0x3'ffff] { ro };
define block CSTACK with size = 2K, alignment = 8 { };
define block HEAP with size = 4K, alignment = 8 { };
"P3":  place in [from 0x1fff'e000 to 0x1fff'ffff] |
                [from 0x2000'0000 to 0x2000'5fff] {
          rw, block CSTACK, block HEAP };
"P5":  place in [from 0x400 to 0x40f] { section FlashConfig };
initialize by copy { rw };

No sections matched the following patterns:

  ro section application_specific_ro  in "P2|P4"
  rw section application_specific_rw  in "P2|P4"


  Section            Kind         Address    Size  Object
  -------            ----         -------    ----  ------
"A0":                                        0xc0
  .intvec            ro code          0x0    0xc0  startup_MKL46Z4.o [1]
                                   - 0xc0    0xc0

"P1", part 1 of 2:                           0xf8
  .text              ro code         0xc0    0xe0  I32DivModFast.o [3]
  .text              ro code        0x1a0     0xe  strlen.o [3]
  .text              ro code        0x1ae     0x2  startup_MKL46Z4.o [1]
  .text              ro code        0x1b0     0x2  IntDivZer.o [3]
  .text              ro code        0x1b2     0x2  startup_MKL46Z4.o [1]
  Initializer bytes  const          0x1b4     0x4  <for P3 s0>
                                  - 0x1b8    0xf8

"P5":                                        0x10
  FlashConfig        ro code        0x400    0x10  startup_MKL46Z4.o [1]
                                  - 0x410    0x10

"P1", part 2 of 2:                          0x9c6
  .text              ro code        0x410   0x1b4  Srec.o [1]
  .text              ro code        0x5c4   0x17c  UART.o [1]
  .text              ro code        0x740    0xb8  QUEUE.o [1]
  .text              ro code        0x7f8   0x118  APP.o [1]
  .text              ro code        0x910    0x4c  no_free_heap0.o [2]
  .text              ro code        0x95c    0xe0  Flash.o [1]
  .text              ro code        0xa3c    0x2c  xgetmemchunk.o [2]
  .text              ro code        0xa68    0xac  gpio.o [1]
  .rodata            const          0xb14    0x50  APP.o [1]
  .rodata            const          0xb64    0x4c  APP.o [1]
  .text              ro code        0xbb0    0x3c  zero_init3.o [3]
  .text              ro code        0xbec    0x30  copy_init3.o [3]
  .rodata            const          0xc1c    0x28  APP.o [1]
  .text              ro code        0xc44    0x28  data_init.o [3]
  .text              ro code        0xc6c    0x24  main.o [1]
  .text              ro code        0xc90    0x24  startup_MKL46Z4.o [1]
  .iar.init_table    const          0xcb4    0x24  - Linker created -
  .text              ro code        0xcd8    0x1e  cmain.o [3]
  .text              ro code        0xcf6     0x4  low_level_init.o [2]
  .text              ro code        0xcfa     0x8  exit.o [2]
  .text              ro code        0xd02     0x2  startup_MKL46Z4.o [1]
  .text              ro code        0xd04     0xa  cexit.o [3]
  .text              ro code        0xd0e     0x2  startup_MKL46Z4.o [1]
  .text              ro code        0xd10    0x14  exit.o [4]
  .rodata            const          0xd24    0x18  APP.o [1]
  .rodata            const          0xd3c    0x10  APP.o [1]
  .rodata            const          0xd4c    0x10  APP.o [1]
  .text              ro code        0xd5c     0xc  system_MKL46Z4.o [1]
  .text              ro code        0xd68     0xc  cstartup_M.o [3]
  .text              ro code        0xd74     0x8  startup_MKL46Z4.o [1]
  .text              ro code        0xd7c     0x8  startup_MKL46Z4.o [1]
  .text              ro code        0xd84     0x8  startup_MKL46Z4.o [1]
  .text              ro code        0xd8c     0x8  startup_MKL46Z4.o [1]
  .text              ro code        0xd94     0x8  startup_MKL46Z4.o [1]
  .text              ro code        0xd9c     0x8  startup_MKL46Z4.o [1]
  .text              ro code        0xda4     0x8  startup_MKL46Z4.o [1]
  .text              ro code        0xdac     0x8  startup_MKL46Z4.o [1]
  .text              ro code        0xdb4     0x8  startup_MKL46Z4.o [1]
  .text              ro code        0xdbc     0x8  startup_MKL46Z4.o [1]
  .text              ro code        0xdc4     0x8  startup_MKL46Z4.o [1]
  .text              ro code        0xdcc     0x8  startup_MKL46Z4.o [1]
  .text              ro code        0xdd4     0x2  startup_MKL46Z4.o [1]
  .rodata            const          0xdd6     0x0  zero_init3.o [3]
  .rodata            const          0xdd6     0x0  copy_init3.o [3]
                                  - 0xdd6   0x9c6

"P3", part 1 of 3:                            0x4
  P3 s0                       0x1fff'e000     0x4  <Init block>
    .data            inited   0x1fff'e000     0x1  APP.o [1]
                            - 0x1fff'e004     0x4

"P3", part 2 of 3:                          0x418
  .bss               zero     0x1fff'e004   0x400  QUEUE.o [1]
  .bss               zero     0x1fff'e404     0x4  APP.o [1]
  .bss               zero     0x1fff'e408     0x4  UART.o [1]
  .bss               zero     0x1fff'e40c     0x4  UART.o [1]
  .bss               zero     0x1fff'e410     0x4  no_free_heap0.o [2]
  .bss               zero     0x1fff'e414     0x4  xgetmemchunk.o [2]
  .bss               zero     0x1fff'e418     0x2  Srec.o [1]
  .bss               zero     0x1fff'e41a     0x1  UART.o [1]
                            - 0x1fff'e41b   0x417

"P3", part 3 of 3:                         0x1800
  CSTACK                      0x1fff'e420   0x800  <Block>
    CSTACK           uninit   0x1fff'e420   0x800  <Block tail>
  HEAP                        0x1fff'ec20  0x1000  <Block>
    HEAP             uninit   0x1fff'ec20  0x1000  <Block tail>
                            - 0x1fff'fc20  0x1800

Unused ranges:

         From           To      Size
         ----           --      ----
        0x1b8        0x3ff     0x248
        0xdd6     0x3'ffff  0x3'f22a
  0x1fff'e41c  0x1fff'e41f       0x4
  0x1fff'fc20  0x1fff'ffff     0x3e0
  0x2000'0000  0x2000'5fff    0x6000


*******************************************************************************
*** INIT TABLE
***

          Address      Size
          -------      ----
Zero (__iar_zero_init3)
    1 destination range, total size 0x417:
          0x1fff'e004  0x417

Copy (__iar_copy_init3)
    1 source range, total size 0x4 (400% of destination):
                0x1b4    0x4
    1 destination range, total size 0x1:
          0x1fff'e000    0x1



*******************************************************************************
*** MODULE SUMMARY
***

    Module             ro code  ro data  rw data
    ------             -------  -------  -------
command line/config:
    --------------------------------------------
    Total:

D:\ARM\TEMINAL\MockTest_2_update\project\Debug\Obj: [1]
    APP.o                  280      253        5
    Flash.o                224
    QUEUE.o                184             1'024
    Srec.o                 436                 2
    UART.o                 380                 9
    gpio.o                 172
    main.o                  36
    startup_MKL46Z4.o      350
    system_MKL46Z4.o        12
    --------------------------------------------
    Total:               2'074      253    1'040

dl6M_tln.a: [2]
    exit.o                   8
    low_level_init.o         4
    no_free_heap0.o         76                 4
    xgetmemchunk.o          44                 4
    --------------------------------------------
    Total:                 132                 8

rt6M_tl.a: [3]
    I32DivModFast.o        224
    IntDivZer.o              2
    cexit.o                 10
    cmain.o                 30
    copy_init3.o            48
    cstartup_M.o            12
    data_init.o             40
    strlen.o                14
    zero_init3.o            60
    --------------------------------------------
    Total:                 440

shb_l.a: [4]
    exit.o                  20
    --------------------------------------------
    Total:                  20

    Linker created                   39    6'144
------------------------------------------------
    Grand Total:         2'666      292    7'192


*******************************************************************************
*** ENTRY LIST
***

Entry                       Address   Size  Type      Object
-----                       -------   ----  ----      ------
.iar.init_table$$Base         0xcb4          --   Gb  - Linker created -
.iar.init_table$$Limit        0xcd8          --   Gb  - Linker created -
?main                         0xcd9         Code  Gb  cmain.o [3]
App                           0x7f9   0x22  Code  Gb  APP.o [1]
Boot                          0x81b   0xce  Code  Gb  APP.o [1]
CSTACK$$Base            0x1fff'e420          --   Gb  - Linker created -
CSTACK$$Limit           0x1fff'ec20          --   Gb  - Linker created -
Erase_Multi_Sector            0xa11   0x2c  Code  Gb  Flash.o [1]
Erase_Sector                  0x9af   0x3a  Code  Gb  Flash.o [1]
HEAP$$Base              0x1fff'ec20          --   Gb  - Linker created -
HEAP$$Limit             0x1fff'fc20          --   Gb  - Linker created -
LED_Init                      0xa69   0x52  Code  Gb  gpio.o [1]
NVIC_EnableIRQ                0x5c5    0xe  Code  Lc  UART.o [1]
Program_LongWord_8B           0x95d   0x52  Code  Gb  Flash.o [1]
Queue_GetFreeSpaceData        0x771   0x28  Code  Gb  QUEUE.o [1]
Queue_Init                    0x741    0xc  Code  Gb  QUEUE.o [1]
Queue_IsEmpty                 0x75f   0x12  Code  Gb  QUEUE.o [1]
Queue_IsFull                  0x74d   0x12  Code  Gb  QUEUE.o [1]
Queue_Pop                     0x7db   0x1a  Code  Gb  QUEUE.o [1]
Queue_PopData                 0x7b3   0x28  Code  Gb  QUEUE.o [1]
Queue_Push                    0x799   0x1a  Code  Gb  QUEUE.o [1]
Region$$Table$$Base           0xcb4          --   Gb  - Linker created -
Region$$Table$$Limit          0xcd8          --   Gb  - Linker created -
SW_Init                       0xabb   0x34  Code  Gb  gpio.o [1]
Srec_ConvertCharToHex         0x411   0x34  Code  Lc  Srec.o [1]
Srec_ConvertTwoCharToByte
                              0x445   0x1a  Code  Lc  Srec.o [1]
Srec_Parse                    0x45f  0x160  Code  Gb  Srec.o [1]
SystemInit                    0xd5d    0x8  Code  Gb  system_MKL46Z4.o [1]
UART0_EnableInterrupt         0x685   0x1c  Code  Gb  UART.o [1]
UART0_GetChar                 0x673   0x12  Code  Gb  UART.o [1]
UART0_IRQHandler              0x6a1   0x56  Code  Gb  UART.o [1]
UART0_Init                    0x5d3   0x7a  Code  Gb  UART.o [1]
UART0_SendChar                0x64d   0x10  Code  Gb  UART.o [1]
UART0_SendString              0x65d   0x16  Code  Gb  UART.o [1]
__Vectors                       0x0          --   Gb  startup_MKL46Z4.o [1]
__Vectors_End                  0xc0         Data  Gb  startup_MKL46Z4.o [1]
__Vectors_Size {Abs}           0xc0          --   Gb  startup_MKL46Z4.o [1]
__aeabi_idiv                   0xed         Code  Gb  I32DivModFast.o [3]
__aeabi_idiv0                 0x1b1         Code  Gb  IntDivZer.o [3]
__aeabi_idivmod                0xed         Code  Gb  I32DivModFast.o [3]
__aeabi_uidiv                  0xf3         Code  Gb  I32DivModFast.o [3]
__aeabi_uidivmod               0xf3         Code  Gb  I32DivModFast.o [3]
__cmain                       0xcd9         Code  Gb  cmain.o [3]
__data_GetMemChunk            0xa3d   0x2c  Code  Gb  xgetmemchunk.o [2]
__data_GetMemChunk::start
                        0x1fff'e414    0x4  Data  Lc  xgetmemchunk.o [2]
__exit                        0xd11   0x14  Code  Gb  exit.o [4]
__iar_copy_init3              0xbed   0x30  Code  Gb  copy_init3.o [3]
__iar_data_init3              0xc45   0x28  Code  Gb  data_init.o [3]
__iar_program_start           0xd69         Code  Gb  cstartup_M.o [3]
__iar_zero_init3              0xbb1   0x3c  Code  Gb  zero_init3.o [3]
__low_level_init              0xcf7    0x4  Code  Gb  low_level_init.o [2]
__no_free_malloc              0x911   0x48  Code  Gb  no_free_heap0.o [2]
__vector_table                  0x0         Data  Gb  startup_MKL46Z4.o [1]
__vector_table_0x1c            0x1c         Data  Gb  startup_MKL46Z4.o [1]
_call_main                    0xce5         Code  Gb  cmain.o [3]
_exit                         0xd05         Code  Gb  cexit.o [3]
_main                         0xcf3         Code  Gb  cmain.o [3]
exit                          0xcfb    0x8  Code  Gb  exit.o [2]
g_func_reset            0x1fff'e404    0x4  Data  Lc  APP.o [1]
g_isCheck               0x1fff'e000    0x1  Data  Lc  APP.o [1]
g_queue                 0x1fff'e004  0x400  Data  Lc  QUEUE.o [1]
main                          0xc6d   0x24  Code  Gb  main.o [1]
qs                      0x1fff'e410    0x4  Data  Lc  no_free_heap0.o [2]
s_arr_buff_ptr          0x1fff'e408    0x4  Data  Lc  UART.o [1]
s_count                 0x1fff'e40c    0x4  Data  Lc  UART.o [1]
s_data                  0x1fff'e41a    0x1  Data  Lc  UART.o [1]
s_error                 0x1fff'e418    0x2  Data  Lc  Srec.o [1]
strlen                        0x1a1         Code  Gb  strlen.o [3]


[1] = D:\ARM\TEMINAL\MockTest_2_update\project\Debug\Obj
[2] = dl6M_tln.a
[3] = rt6M_tl.a
[4] = shb_l.a

  2'666 bytes of readonly  code memory
    292 bytes of readonly  data memory
  7'192 bytes of readwrite data memory

Errors: none
Warnings: none
