###############################################################################
#
# IAR ELF Linker V8.42.1.233/W32 for ARM                  16/Feb/2020  15:05:19
# Copyright 2007-2019 IAR Systems AB.
#
#    Output file  =  D:\ARM\TEMINAL\LED_PWM\project\Debug\Exe\LED_PWM.out
#    Map file     =  D:\ARM\TEMINAL\LED_PWM\project\Debug\List\LED_PWM.map
#    Command line =
#        -f C:\Users\DELL\AppData\Local\Temp\EW3408.tmp
#        (D:\ARM\TEMINAL\LED_PWM\project\Debug\Obj\main_PWM.o
#        D:\ARM\TEMINAL\LED_PWM\project\Debug\Obj\startup_MKL46Z4.o
#        D:\ARM\TEMINAL\LED_PWM\project\Debug\Obj\system_MKL46Z4.o
#        --no_out_extension -o
#        D:\ARM\TEMINAL\LED_PWM\project\Debug\Exe\LED_PWM.out --map
#        D:\ARM\TEMINAL\LED_PWM\project\Debug\List\LED_PWM.map --config
#        D:\ARM\TEMINAL\LED_PWM\project\MKL46Z256xxx4.icf --semihosting --entry
#        __iar_program_start --vfe --text_out locale)
#
###############################################################################

*******************************************************************************
*** RUNTIME MODEL ATTRIBUTES
***

CppFlavor       = *
__SystemLibrary = DLib
__dlib_version  = 6


*******************************************************************************
*** HEAP SELECTION
***

The basic heap was selected because some modules are built with
size limitations (and not runtime checking), and --advanced_heap
was not specified.


*******************************************************************************
*** PLACEMENT SUMMARY
***

"A0":  place at address 0xa000 { ro section .intvec };
"P1":  place in [from 0xa000 to 0xa3ff] |
                [from 0xa410 to 0x3'ffff] { ro };
define block CSTACK with size = 2K, alignment = 8 { };
define block HEAP with size = 4K, alignment = 8 { };
"P3":  place in [from 0x1fff'e000 to 0x1fff'ffff] |
                [from 0x2000'0000 to 0x2000'5fff] {
          rw, block CSTACK, block HEAP };
"P5":  place in [from 0xa400 to 0xa40f] { section FlashConfig };

No sections matched the following patterns:

  ro section application_specific_ro  in "P2|P4"
  rw                                  in "P3"
  rw section application_specific_rw  in "P2|P4"


  Section      Kind         Address   Size  Object
  -------      ----         -------   ----  ------
"A0":                                 0xc0
  .intvec      ro code       0xa000   0xc0  startup_MKL46Z4.o [1]
                           - 0xa0c0   0xc0

"P1":                                0x1a2
  .text        ro code       0xa0c0   0xac  main_PWM.o [1]
  .text        ro code       0xa16c   0x24  startup_MKL46Z4.o [1]
  .text        ro code       0xa190   0x1e  cmain.o [3]
  .text        ro code       0xa1ae    0x4  low_level_init.o [2]
  .text        ro code       0xa1b2    0x8  exit.o [2]
  .text        ro code       0xa1ba    0x2  startup_MKL46Z4.o [1]
  .text        ro code       0xa1bc    0xa  cexit.o [3]
  .text        ro code       0xa1c6    0x2  startup_MKL46Z4.o [1]
  .text        ro code       0xa1c8   0x14  exit.o [4]
  .text        ro code       0xa1dc    0xc  system_MKL46Z4.o [1]
  .text        ro code       0xa1e8    0xc  cstartup_M.o [3]
  .text        ro code       0xa1f4    0x8  startup_MKL46Z4.o [1]
  .text        ro code       0xa1fc    0x8  startup_MKL46Z4.o [1]
  .text        ro code       0xa204    0x8  startup_MKL46Z4.o [1]
  .text        ro code       0xa20c    0x8  startup_MKL46Z4.o [1]
  .text        ro code       0xa214    0x8  startup_MKL46Z4.o [1]
  .text        ro code       0xa21c    0x8  startup_MKL46Z4.o [1]
  .text        ro code       0xa224    0x8  startup_MKL46Z4.o [1]
  .text        ro code       0xa22c    0x8  startup_MKL46Z4.o [1]
  .text        ro code       0xa234    0x8  startup_MKL46Z4.o [1]
  .text        ro code       0xa23c    0x8  startup_MKL46Z4.o [1]
  .text        ro code       0xa244    0x8  startup_MKL46Z4.o [1]
  .text        ro code       0xa24c    0x8  startup_MKL46Z4.o [1]
  .text        ro code       0xa254    0x8  startup_MKL46Z4.o [1]
  .text        ro code       0xa25c    0x2  startup_MKL46Z4.o [1]
  .text        ro code       0xa25e    0x2  startup_MKL46Z4.o [1]
  .text        ro code       0xa260    0x2  startup_MKL46Z4.o [1]
                           - 0xa262  0x1a2

"P5":                                 0x10
  FlashConfig  ro code       0xa400   0x10  startup_MKL46Z4.o [1]
                           - 0xa410   0x10

"P3":                                0x800
  CSTACK                0x1fff'e000  0x800  <Block>
    CSTACK     uninit   0x1fff'e000  0x800  <Block tail>
                      - 0x1fff'e800  0x800

Unused ranges:

         From           To      Size
         ----           --      ----
       0xa262       0xa3ff     0x19e
       0xa410     0x3'ffff  0x3'5bf0
  0x1fff'e800  0x1fff'ffff    0x1800
  0x2000'0000  0x2000'5fff    0x6000



*******************************************************************************
*** MODULE SUMMARY
***

    Module             ro code  rw data
    ------             -------  -------
command line/config:
    -----------------------------------
    Total:

D:\ARM\TEMINAL\LED_PWM\project\Debug\Obj: [1]
    main_PWM.o             172
    startup_MKL46Z4.o      358
    system_MKL46Z4.o        12
    -----------------------------------
    Total:                 542

dl6M_tln.a: [2]
    exit.o                   8
    low_level_init.o         4
    -----------------------------------
    Total:                  12

rt6M_tl.a: [3]
    cexit.o                 10
    cmain.o                 30
    cstartup_M.o            12
    -----------------------------------
    Total:                  52

shb_l.a: [4]
    exit.o                  20
    -----------------------------------
    Total:                  20

    Linker created                2'048
---------------------------------------
    Grand Total:           626    2'048


*******************************************************************************
*** ENTRY LIST
***

Entry                     Address  Size  Type      Object
-----                     -------  ----  ----      ------
?main                      0xa191        Code  Gb  cmain.o [3]
CSTACK$$Base          0x1fff'e000         --   Gb  - Linker created -
CSTACK$$Limit         0x1fff'e800         --   Gb  - Linker created -
Region$$Table$$Base           0x0         --   Gb  - Linker created -
Region$$Table$$Limit          0x0         --   Gb  - Linker created -
SystemInit                 0xa1dd   0x8  Code  Gb  system_MKL46Z4.o [1]
__Vectors                  0xa000         --   Gb  startup_MKL46Z4.o [1]
__Vectors_End              0xa0c0        Data  Gb  startup_MKL46Z4.o [1]
__Vectors_Size {Abs}         0xc0         --   Gb  startup_MKL46Z4.o [1]
__cmain                    0xa191        Code  Gb  cmain.o [3]
__exit                     0xa1c9  0x14  Code  Gb  exit.o [4]
__iar_program_start        0xa1e9        Code  Gb  cstartup_M.o [3]
__low_level_init           0xa1af   0x4  Code  Gb  low_level_init.o [2]
__vector_table             0xa000        Data  Gb  startup_MKL46Z4.o [1]
__vector_table_0x1c        0xa01c        Data  Gb  startup_MKL46Z4.o [1]
_call_main                 0xa19d        Code  Gb  cmain.o [3]
_exit                      0xa1bd        Code  Gb  cexit.o [3]
_main                      0xa1ab        Code  Gb  cmain.o [3]
delay                      0xa113   0xe  Code  Gb  main_PWM.o [1]
exit                       0xa1b3   0x8  Code  Gb  exit.o [2]
init_led                   0xa0c1  0x52  Code  Gb  main_PWM.o [1]
main                       0xa121  0x24  Code  Gb  main_PWM.o [1]


[1] = D:\ARM\TEMINAL\LED_PWM\project\Debug\Obj
[2] = dl6M_tln.a
[3] = rt6M_tl.a
[4] = shb_l.a

    626 bytes of readonly  code memory
  2'048 bytes of readwrite data memory

Errors: none
Warnings: none
